#-----------------------------------------------------------
# Vivado v2023.1 (64-bit)
# SW Build 3865809 on Sun May  7 15:05:29 MDT 2023
# IP Build 3864474 on Sun May  7 20:36:21 MDT 2023
# SharedData Build 3865790 on Sun May 07 13:33:03 MDT 2023
# Start of session at: Thu Jul  6 16:00:39 2023
# Process ID: 10136
# Current directory: C:/Users/tesla369/AppData/Roaming/Xilinx/Vivado
# Command line: vivado.exe -gui_launcher_event rodinguilauncherevent15132
# Log file: C:/Users/tesla369/AppData/Roaming/Xilinx/Vivado/vivado.log
# Journal file: C:/Users/tesla369/AppData/Roaming/Xilinx/Vivado\vivado.jou
# Running On: DESKTOP-51FNB60, OS: Windows, CPU Frequency: 3696 MHz, CPU Physical cores: 10, Host memory: 34257 MB
#-----------------------------------------------------------
start_gui
source I:/Zybo-Z7/hw/scripts/checkout.tcl
update_compile_order -fileset sources_1
regenerate_bd_layout
launch_runs impl_1 -to_step write_bitstream -jobs 6
wait_on_run impl_1
archive_project I:/Zybo-Z7/hw/Zybo-Z7-10-HDMI-hw.xpr.zip -temp_dir I:/Zybo-Z7/hw -force -include_local_ip_cache -include_config_settings
